SSD1306.cpp:318:1:SSD1306::~SSD1306()	0	static
SSD1306.cpp:318:1:virtual SSD1306::~SSD1306()	8	static
SSD1306.cpp:320:1:void __static_initialization_and_destruction_0(int, int)	8	static
SSD1306.cpp:24:6:void SSD1306::ssd1306_Reset()	8	static
SSD1306.cpp:35:6:void SSD1306::ssd1306_WriteCommand()	16	static
SSD1306.cpp:41:6:void SSD1306::ssd1306_WriteData()	16	static
SSD1306.cpp:51:6:void SSD1306::SPI_Interrupt()	8	static
SSD1306.cpp:212:6:void SSD1306::process()	8	static
SSD1306.cpp:220:6:void SSD1306::ssd1306_Fill(SSD1306_COLOR)	4	static
SSD1306.cpp:86:6:void SSD1306::ssd1306_Init()	16	static
SSD1306.cpp:233:6:void SSD1306::ssd1306_DrawPixel(uint8_t, uint8_t, SSD1306_COLOR)	4	static
SSD1306.cpp:256:6:char SSD1306::ssd1306_WriteChar(char, FontDef, SSD1306_COLOR)	56	static
SSD1306.cpp:291:6:char SSD1306::ssd1306_WriteString(char*, FontDef, SSD1306_COLOR)	32	static
SSD1306.cpp:308:6:void SSD1306::ssd1306_SetCursor(uint8_t, uint8_t)	0	static
SSD1306.cpp:313:1:SSD1306::SSD1306()	0	static
SSD1306.cpp:320:1:cpp)	8	static
