SSD1306.cpp:299:1:SSD1306::~SSD1306()	0	static
SSD1306.cpp:299:1:virtual SSD1306::~SSD1306()	8	static
SSD1306.cpp:301:1:void __static_initialization_and_destruction_0(int, int)	8	static
SSD1306.cpp:10:6:void SSD1306::Reset()	8	static
SSD1306.cpp:23:6:void SSD1306::WriteCommand()	24	static
SSD1306.cpp:40:6:void SSD1306::WriteData()	32	static
SSD1306.cpp:58:6:void SSD1306::SPI_Interrupt_DMA()	8	static
SSD1306.cpp:157:6:void SSD1306::process()	8	static
SSD1306.cpp:163:6:void SSD1306::Fill(SSD1306_COLOR)	4	static
SSD1306.cpp:76:6:void SSD1306::Init()	16	static
SSD1306.cpp:176:6:void SSD1306::DrawPixel(uint8_t, uint8_t, SSD1306_COLOR)	8	static
SSD1306.cpp:199:6:char SSD1306::WriteChar(char, FontDef, SSD1306_COLOR)	56	static
SSD1306.cpp:234:6:char SSD1306::WriteString(char*, FontDef, SSD1306_COLOR)	32	static
SSD1306.cpp:251:6:void SSD1306::SetCursor(uint8_t, uint8_t)	0	static
SSD1306.cpp:267:6:void SSD1306::AllocBuffer()	8	static
SSD1306.cpp:256:1:SSD1306::SSD1306(I2C_HandleTypeDef*, int, int, int)	8	static
SSD1306.cpp:272:6:void SSD1306::SwitchDMA(bool)	0	static
SSD1306.cpp:276:1:SSD1306::SSD1306(SPI_HandleTypeDef*, GPIO_TypeDef*, uint16_t, GPIO_TypeDef*, uint16_t, GPIO_TypeDef*, uint16_t, int, int)	16	static
SSD1306.cpp:294:1:SSD1306::SSD1306()	0	static
SSD1306.cpp:301:1:cpp)	8	static
