SSD1306.cpp:260:1:SSD1306::~SSD1306()	0	static
SSD1306.cpp:260:1:virtual SSD1306::~SSD1306()	8	static
SSD1306.cpp:262:1:void __static_initialization_and_destruction_0(int, int)	8	static
SSD1306.cpp:24:6:void SSD1306::Reset()	8	static
SSD1306.cpp:35:6:void SSD1306::WriteCommand()	16	static
SSD1306.cpp:41:6:void SSD1306::WriteData()	16	static
SSD1306.cpp:51:6:void SSD1306::SPI_Interrupt()	8	static
SSD1306.cpp:156:6:void SSD1306::process()	8	static
SSD1306.cpp:162:6:void SSD1306::Fill(SSD1306_COLOR)	4	static
SSD1306.cpp:69:6:void SSD1306::Init()	16	static
SSD1306.cpp:175:6:void SSD1306::DrawPixel(uint8_t, uint8_t, SSD1306_COLOR)	4	static
SSD1306.cpp:198:6:char SSD1306::WriteChar(char, FontDef, SSD1306_COLOR)	56	static
SSD1306.cpp:233:6:char SSD1306::WriteString(char*, FontDef, SSD1306_COLOR)	32	static
SSD1306.cpp:250:6:void SSD1306::SetCursor(uint8_t, uint8_t)	0	static
SSD1306.cpp:255:1:SSD1306::SSD1306()	0	static
SSD1306.cpp:262:1:cpp)	8	static
