SSD1306.cpp:292:1:SSD1306::~SSD1306()	0	static
SSD1306.cpp:292:1:virtual SSD1306::~SSD1306()	8	static
SSD1306.cpp:294:1:void __static_initialization_and_destruction_0(int, int)	8	static
SSD1306.cpp:24:6:void SSD1306::ssd1306_Reset()	8	static
SSD1306.cpp:35:6:void SSD1306::ssd1306_WriteCommand()	16	static
SSD1306.cpp:41:6:void SSD1306::ssd1306_WriteData()	16	static
SSD1306.cpp:51:6:void SSD1306::SPI_Interrupt()	0	static
SSD1306.cpp:70:6:void SSD1306::loop()	16	static
SSD1306.cpp:186:6:void SSD1306::process()	8	static
SSD1306.cpp:194:6:void SSD1306::ssd1306_Fill(SSD1306_COLOR)	4	static
SSD1306.cpp:88:6:void SSD1306::ssd1306_Init()	16	static
SSD1306.cpp:207:6:void SSD1306::ssd1306_DrawPixel(uint8_t, uint8_t, SSD1306_COLOR)	4	static
SSD1306.cpp:230:6:char SSD1306::ssd1306_WriteChar(char, FontDef, SSD1306_COLOR)	56	static
SSD1306.cpp:265:6:char SSD1306::ssd1306_WriteString(char*, FontDef, SSD1306_COLOR)	32	static
SSD1306.cpp:282:6:void SSD1306::ssd1306_SetCursor(uint8_t, uint8_t)	0	static
SSD1306.cpp:287:1:SSD1306::SSD1306()	0	static
SSD1306.cpp:294:1:cpp)	8	static
