SSD1306.cpp:304:1:SSD1306::~SSD1306()	8	static
SSD1306.cpp:304:1:virtual SSD1306::~SSD1306()	8	static
SSD1306.cpp:306:1:void __static_initialization_and_destruction_0(int, int)	8	static
SSD1306.cpp:10:6:void SSD1306::Reset()	8	static
SSD1306.cpp:21:6:void SSD1306::WriteCommand()	24	static
SSD1306.cpp:38:6:void SSD1306::WriteData()	32	static
SSD1306.cpp:55:6:void SSD1306::SPI_Interrupt_DMA()	8	static
SSD1306.cpp:75:6:void SSD1306::SendWithoutDma()	16	static
SSD1306.cpp:166:6:void SSD1306::process()	8	static
SSD1306.cpp:171:6:void SSD1306::AllocBuffer()	8	static
SSD1306.cpp:175:6:void SSD1306::Fill(SSD1306_COLOR)	4	static
SSD1306.cpp:86:6:void SSD1306::Init()	16	static
SSD1306.cpp:188:6:void SSD1306::DrawPixel(uint8_t, uint8_t, SSD1306_COLOR)	8	static
SSD1306.cpp:211:6:char SSD1306::WriteChar(char, FontDef, SSD1306_COLOR)	56	static
SSD1306.cpp:246:6:char SSD1306::WriteString(char*, FontDef, SSD1306_COLOR)	32	static
SSD1306.cpp:263:6:void SSD1306::SetCursor(uint8_t, uint8_t)	0	static
SSD1306.cpp:268:6:void SSD1306::SwitchDMA(bool)	0	static
SSD1306.cpp:272:1:SSD1306::SSD1306(I2C_HandleTypeDef*, int, int, int)	24	static
SSD1306.cpp:283:1:SSD1306::SSD1306(SPI_HandleTypeDef*, GPIO_TypeDef*, uint16_t, GPIO_TypeDef*, uint16_t, GPIO_TypeDef*, uint16_t, int, int)	24	static
SSD1306.cpp:300:1:SSD1306::SSD1306()	0	static
SSD1306.cpp:306:1:cpp)	8	static
